09:17:16 **** Build of configuration Debug for project EX9 ****
make -j8 all 
arm-none-eabi-gcc "../Core/Src/main.c" -mcpu=cortex-m3 -std=gnu11 -g3 -DDEBUG -DUSE_HAL_DRIVER -DSTM32F103x6 -c -I../Core/Inc -I../Drivers/STM32F1xx_HAL_Driver/Inc -I../Drivers/STM32F1xx_HAL_Driver/Inc/Legacy -I../Drivers/CMSIS/Device/ST/STM32F1xx/Include -I../Drivers/CMSIS/Include -O0 -ffunction-sections -fdata-sections -Wall -fstack-usage -MMD -MP -MF"Core/Src/main.d" -MT"Core/Src/main.o" --specs=nano.specs -mfloat-abi=soft -mthumb -o "Core/Src/main.o"
arm-none-eabi-gcc -o "EX9.elf" @"objects.list"   -mcpu=cortex-m3 -T"E:\HK221\VXL\LAB2\STM32\EX9\STM32F103C6UX_FLASH.ld" --specs=nosys.specs -Wl,-Map="EX9.map" -Wl,--gc-sections -static --specs=nano.specs -mfloat-abi=soft -mthumb -Wl,--start-group -lc -lm -Wl,--end-group
Finished building target: EX9.elf
 
arm-none-eabi-size   EX9.elf 
arm-none-eabi-objdump -h -S  EX9.elf  > "EX9.list"
arm-none-eabi-objcopy  -O ihex  EX9.elf  "EX9.hex"
arm-none-eabi-objcopy  -O binary  EX9.elf  "EX9.bin"
   text	   data	    bss	    dec	    hex	filename
   7368	     24	   1656	   9048	   2358	EX9.elf
Finished building: default.size.stdout
 
Finished building: EX9.hex
Finished building: EX9.bin
 
 
Finished building: EX9.list
 

09:17:17 Build Finished. 0 errors, 0 warnings. (took 855ms)

